// Jest Snapshot v1, https://goo.gl/fbAQLP

exports[`Category test Category should match snapshot 1`] = `<div />`;
