// Jest Snapshot v1, https://goo.gl/fbAQLP

exports[`Logout test Logout should match snapshot 1`] = `<div />`;
