// Jest Snapshot v1, https://goo.gl/fbAQLP

exports[`Recipe test Recipe should match snapshot 1`] = `<div />`;
