// Jest Snapshot v1, https://goo.gl/fbAQLP

exports[`LoginComponent test LoginComponent should match snapshot 1`] = `
<header
  className="header"
>
  <h1>
    Login
  </h1>
  <form
    className=""
    name="form"
    onSubmit={[Function]}
  >
    <div
      className="form-group"
    >
      <label
        className=""
        htmlFor="email"
      >
        Email
      </label>
      <input
        autoFocus="true"
        className="form-control"
        name="email"
        onChange={[Function]}
        placeholder="Enter your email"
        required={true}
        type="email"
        value=""
      />
    </div>
    <div
      className="form-group"
    >
      <label
        className=""
        htmlFor="password"
      >
        Password
      </label>
      <input
        autoFocus="true"
        className="form-control"
        name="password"
        onChange={[Function]}
        placeholder="Enter your password"
        required={true}
        type="password"
        value=""
      />
    </div>
    <button
      className="btn btn-success"
      onClick={[Function]}
      type={undefined}
    >
      Login
    </button>
  </form>
</header>
`;
